ASxxxx Linker V03.00/V05.40 + sdld,  page 1.
Hexadecimal  [32-Bits]

Area                       Addr        Size        Decimal Bytes (Attributes)
--------------------       ----        ----        ------- ----- ------------
.  .ABS.               00000000    00000000 =           0. bytes (ABS,CON)

        Value  Global            Value  Global            Value  Global    
        -----  ------            -----  ------            -----  ------    
     00000000  .__.ABS.  |    00000000  _rMBC7_SR |    00000000  _rRAMG   
     00000000  l__BASE   |    00000000  l__BSS    |    00000000  l__CABS  
     00000000  l__CODE_0 |    00000000  l__DABS   |    00000000  l__FONT_H
     00000000  l__HEADER |    00000000  l__HEADER |    00000000  l__HEAP  
     00000000  l__HEAP_E |    00000000  l__LIT    |    00000000  s__CABS  
     00000000  s__DABS   |    00000000  s__FONT_H |    00000000  s__FONT_H
     00000000  s__HEADER |    00000000  s__HEADER |    00000000  s__HEADER
     00000000  s__HEADER |    00000000  s__HEADER |    00000000  s__HEADER
     00000000  s__HEADER |    00000000  s__HEADER |    00000000  s__HEADER
     00000000  s__HEADER |    00000000  s__HEADER |    00000000  s__HEADER
     00000000  s__HEADER |    00000000  s__HEADER |    00000000  s__HEADER
     00000000  s__HEADER |    00000000  s__HEADER |    00000000  s__HEADER
     00000000  s__HEADER |    00000000  s__HEADER |    00000000  s__HEADER
     00000001  l__GSFINA |    00000001  l__HEADER |    00000001  l__HEADER
     00000001  l__HEADER |    00000001  l__HEADER |    00000001  l__HEADER
     00000001  l__HEADER |    00000001  l__HEADER |    00000002  l__HEADER
     00000002  l__HEADER |    00000002  l__HEADER |    00000003  l__FONT_H
     00000003  l__HEADER |    00000003  l__HEADER |    00000005  l__HEADER
     00000006  l__HEADER |    00000007  l__HEADER |    00000007  l__INITIA
     00000007  l__INITIA |    00000008  l__HEADER |    00000013  l__HRAM  
     00000026  l__GSINIT |    00000030  l__HEADER |    00000060  l__HEADER
     000000AB  l__HEADER |    00000200  s__CODE   |    000007F9  l__DATA  
     000008A0  l__HOME   |    00002000  _rROMB0   |    00002011  l__CODE  
     00002211  s__HOME   |    00002AB1  s__BASE   |    00002AB1  s__CODE_0
     00002AB1  s__INITIA |    00002AB1  s__LIT    |    00002AB8  s__GSINIT
     00002ADE  s__GSFINA |    00002B92  l__CODE_1 |    00003000  _rROMB1  
     00004000  _rMBC7_SR |    00004000  _rRAMB    |    00008000  __VRAM   
     00008000  __VRAM800 |    00008800  __VRAM880 |    00009000  __VRAM900
     00009800  __SCRN0   |    00009C00  __SCRN1   |    0000A000  __SRAM   
     0000A000  _rMBC7_LA |    0000A010  _rMBC7_LA |    0000A020  _rMBC7_AC
     0000A030  _rMBC7_AC |    0000A040  _rMBC7_AC |    0000A050  _rMBC7_AC
     0000C000  __RAM     |    0000C000  _shadow_O |    0000C0A0  s__DATA  
     0000C899  s__BSS    |    0000C899  s__INITIA |    0000C8A0  s__HEAP  
     0000C8A0  s__HEAP_E |    0000D000  __RAMBANK |    0000E000  .STACK   
     0000FE00  __OAMRAM  |    0000FF00  _P1_REG   |    0000FF00  __IO     
     0000FF01  _SB_REG   |    0000FF02  _SC_REG   |    0000FF04  _DIV_REG 
     0000FF05  _TIMA_REG |    0000FF06  _TMA_REG  |    0000FF07  _TAC_REG 
     0000FF0F  _IF_REG   |    0000FF10  _NR10_REG |    0000FF11  _NR11_REG
     0000FF12  _NR12_REG |    0000FF13  _NR13_REG |    0000FF14  _NR14_REG
     0000FF16  _NR21_REG |    0000FF17  _NR22_REG |    0000FF18  _NR23_REG
     0000FF19  _NR24_REG |    0000FF1A  _NR30_REG |    0000FF1B  _NR31_REG
     0000FF1C  _NR32_REG |    0000FF1D  _NR33_REG |    0000FF1E  _NR34_REG
     0000FF20  _NR41_REG |    0000FF21  _NR42_REG |    0000FF22  _NR43_REG
     0000FF23  _NR44_REG |    0000FF24  _NR50_REG |    0000FF25  _NR51_REG
     0000FF26  _NR52_REG |    0000FF30  _AUD3WAVE |    0000FF30  _PCM_SAMP
     0000FF30  __AUD3WAV |    0000FF40  _LCDC_REG |    0000FF41  _STAT_REG
     0000FF42  _SCY_REG  |    0000FF43  _SCX_REG  |    0000FF44  _LY_REG  
     0000FF45  _LYC_REG  |    0000FF46  _DMA_REG  |    0000FF47  _BGP_REG 
     0000FF48  _OBP0_REG |    0000FF49  _OBP1_REG |    0000FF4A  _WY_REG  
     0000FF4B  _WX_REG   |    0000FF4D  _KEY1_REG |    0000FF4F  _VBK_REG 
ASxxxx Linker V03.00/V05.40 + sdld,  page 2.
Hexadecimal  [32-Bits]

Area                       Addr        Size        Decimal Bytes (Attributes)
--------------------       ----        ----        ------- ----- ------------
.  .ABS.               00000000    00000000 =           0. bytes (ABS,CON)

        Value  Global            Value  Global            Value  Global    
        -----  ------            -----  ------            -----  ------    
     0000FF51  _HDMA1_RE |    0000FF52  _HDMA2_RE |    0000FF53  _HDMA3_RE
     0000FF54  _HDMA4_RE |    0000FF55  _HDMA5_RE |    0000FF56  _RP_REG  
     0000FF68  _BCPS_REG |    0000FF69  _BCPD_REG |    0000FF6A  _OCPS_REG
     0000FF6B  _OCPD_REG |    0000FF70  _SVBK_REG |    0000FF76  _PCM12_RE
     0000FF77  _PCM34_RE |    0000FF80  __HRAM    |    0000FF80  s__HRAM  
     0000FFFF  _IE_REG   |    00014000  s__CODE_1
ASxxxx Linker V03.00/V05.40 + sdld,  page 3.
Hexadecimal  [32-Bits]

Area                       Addr        Size        Decimal Bytes (Attributes)
--------------------       ----        ----        ------- ----- ------------
_CODE                  00000200    00002011 =        8209. bytes (REL,CON)

        Value  Global            Value  Global            Value  Global    
        -----  ------            -----  ------            -----  ------    
     00000200  _get_joyp |    00000229  _main     |    0000031B  _row_offs
     00000357  _dir_delt |    0000035F  _dir_delt |    00000367  _search_o
     0000036A  _buttons_ |    0000037A  _delta_to |    00000383  _dandy_nu
     00000384  _dandy_in |    000003F3  _dandy_lo |    00000603  _dandy_st
     00000816  _dandy_dr |    00001A23  _dandy_jo |    00001AB8  _dandy_is
     00001AC7  _hal_draw |    00001C0D  _hal_draw |    00001C30  _hal_upda
     00001D72  _hal_clea |    00001D87  _hal_set_ |    00001DDD  _hal_play
     00001E95  _dandy_ti |    00002095  __divsuch |    0000209B  __modsuch
     000020A4  __divusch |    000020AD  __modusch |    000020B9  __divscha
     000020BE  __modscha |    000020C5  __divsint |    000020CE  __modsint
     000020DA  __divucha |    000020DF  __moducha |    000020E6  __divuint
     000020EF  __moduint |    000020FB  .div8     |    000020FB  .mod8    
     00002103  .div16    |    00002103  .mod16    |    00002139  .divu8   
     00002139  .modu8    |    0000213C  .divu16   |    0000213C  .modu16  
     0000217C  _set_vram |    00002185  _set_win_ |    0000218E  _set_bkg_
     000021BD  .copy_vra |    000021C3  _get_data |    000021C3  _set_data
     000021C3  _vmemcpy 
ASxxxx Linker V03.00/V05.40 + sdld,  page 4.
Hexadecimal  [32-Bits]

Area                       Addr        Size        Decimal Bytes (Attributes)
--------------------       ----        ----        ------- ----- ------------
_HEADER0               00000000    00000001 =           1. bytes (ABS,CON)

        Value  Global            Value  Global            Value  Global    
        -----  ------            -----  ------            -----  ------    
     00000020  .call_hl 
ASxxxx Linker V03.00/V05.40 + sdld,  page 5.
Hexadecimal  [32-Bits]

Area                       Addr        Size        Decimal Bytes (Attributes)
--------------------       ----        ----        ------- ----- ------------
_HEADER1               00000000    00000005 =           5. bytes (ABS,CON)

        Value  Global            Value  Global            Value  Global    
        -----  ------            -----  ------            -----  ------    
     00000028  .MemsetSm
ASxxxx Linker V03.00/V05.40 + sdld,  page 6.
Hexadecimal  [32-Bits]

Area                       Addr        Size        Decimal Bytes (Attributes)
--------------------       ----        ----        ------- ----- ------------
_HEADER2               00000000    00000007 =           7. bytes (ABS,CON)

        Value  Global            Value  Global            Value  Global    
        -----  ------            -----  ------            -----  ------    
     00000030  .MemcpySm
ASxxxx Linker V03.00/V05.40 + sdld,  page 7.
Hexadecimal  [32-Bits]

Area                       Addr        Size        Decimal Bytes (Attributes)
--------------------       ----        ----        ------- ----- ------------
_HEADER3               00000000    00000008 =           8. bytes (ABS,CON)

        Value  Global            Value  Global            Value  Global    
        -----  ------            -----  ------            -----  ------    
ASxxxx Linker V03.00/V05.40 + sdld,  page 8.
Hexadecimal  [32-Bits]

Area                       Addr        Size        Decimal Bytes (Attributes)
--------------------       ----        ----        ------- ----- ------------
_HEADER4               00000000    00000060 =          96. bytes (ABS,CON)

        Value  Global            Value  Global            Value  Global    
        -----  ------            -----  ------            -----  ------    
     00000080  .int      |    0000008F  _wait_int |    0000009C  __standar
     000000AB  _refresh_ |    000000CC  _set_inte
ASxxxx Linker V03.00/V05.40 + sdld,  page 9.
Hexadecimal  [32-Bits]

Area                       Addr        Size        Decimal Bytes (Attributes)
--------------------       ----        ----        ------- ----- ------------
_HEADER5               00000000    00000001 =           1. bytes (ABS,CON)

        Value  Global            Value  Global            Value  Global    
        -----  ------            -----  ------            -----  ------    
ASxxxx Linker V03.00/V05.40 + sdld,  page 10.
Hexadecimal  [32-Bits]

Area                       Addr        Size        Decimal Bytes (Attributes)
--------------------       ----        ----        ------- ----- ------------
_HEADER6               00000000    00000002 =           2. bytes (ABS,CON)

        Value  Global            Value  Global            Value  Global    
        -----  ------            -----  ------            -----  ------    
ASxxxx Linker V03.00/V05.40 + sdld,  page 11.
Hexadecimal  [32-Bits]

Area                       Addr        Size        Decimal Bytes (Attributes)
--------------------       ----        ----        ------- ----- ------------
_HEADER7               00000000    00000030 =          48. bytes (ABS,CON)

        Value  Global            Value  Global            Value  Global    
        -----  ------            -----  ------            -----  ------    
ASxxxx Linker V03.00/V05.40 + sdld,  page 12.
Hexadecimal  [32-Bits]

Area                       Addr        Size        Decimal Bytes (Attributes)
--------------------       ----        ----        ------- ----- ------------
_HEADER8               00000000    00000006 =           6. bytes (ABS,CON)

        Value  Global            Value  Global            Value  Global    
        -----  ------            -----  ------            -----  ------    
ASxxxx Linker V03.00/V05.40 + sdld,  page 13.
Hexadecimal  [32-Bits]

Area                       Addr        Size        Decimal Bytes (Attributes)
--------------------       ----        ----        ------- ----- ------------
_HEADER9               00000000    00000003 =           3. bytes (ABS,CON)

        Value  Global            Value  Global            Value  Global    
        -----  ------            -----  ------            -----  ------    
ASxxxx Linker V03.00/V05.40 + sdld,  page 14.
Hexadecimal  [32-Bits]

Area                       Addr        Size        Decimal Bytes (Attributes)
--------------------       ----        ----        ------- ----- ------------
_HEADERa               00000000    00000001 =           1. bytes (ABS,CON)

        Value  Global            Value  Global            Value  Global    
        -----  ------            -----  ------            -----  ------    
ASxxxx Linker V03.00/V05.40 + sdld,  page 15.
Hexadecimal  [32-Bits]

Area                       Addr        Size        Decimal Bytes (Attributes)
--------------------       ----        ----        ------- ----- ------------
_HEADERb               00000000    00000001 =           1. bytes (ABS,CON)

        Value  Global            Value  Global            Value  Global    
        -----  ------            -----  ------            -----  ------    
ASxxxx Linker V03.00/V05.40 + sdld,  page 16.
Hexadecimal  [32-Bits]

Area                       Addr        Size        Decimal Bytes (Attributes)
--------------------       ----        ----        ------- ----- ------------
_HEADERc               00000000    00000001 =           1. bytes (ABS,CON)

        Value  Global            Value  Global            Value  Global    
        -----  ------            -----  ------            -----  ------    
ASxxxx Linker V03.00/V05.40 + sdld,  page 17.
Hexadecimal  [32-Bits]

Area                       Addr        Size        Decimal Bytes (Attributes)
--------------------       ----        ----        ------- ----- ------------
_HEADERd               00000000    00000002 =           2. bytes (ABS,CON)

        Value  Global            Value  Global            Value  Global    
        -----  ------            -----  ------            -----  ------    
ASxxxx Linker V03.00/V05.40 + sdld,  page 18.
Hexadecimal  [32-Bits]

Area                       Addr        Size        Decimal Bytes (Attributes)
--------------------       ----        ----        ------- ----- ------------
_HEADERe               00000000    00000001 =           1. bytes (ABS,CON)

        Value  Global            Value  Global            Value  Global    
        -----  ------            -----  ------            -----  ------    
ASxxxx Linker V03.00/V05.40 + sdld,  page 19.
Hexadecimal  [32-Bits]

Area                       Addr        Size        Decimal Bytes (Attributes)
--------------------       ----        ----        ------- ----- ------------
_HEADERf               00000000    00000001 =           1. bytes (ABS,CON)

        Value  Global            Value  Global            Value  Global    
        -----  ------            -----  ------            -----  ------    
ASxxxx Linker V03.00/V05.40 + sdld,  page 20.
Hexadecimal  [32-Bits]

Area                       Addr        Size        Decimal Bytes (Attributes)
--------------------       ----        ----        ------- ----- ------------
_HEADER10              00000000    00000002 =           2. bytes (ABS,CON)

        Value  Global            Value  Global            Value  Global    
        -----  ------            -----  ------            -----  ------    
ASxxxx Linker V03.00/V05.40 + sdld,  page 21.
Hexadecimal  [32-Bits]

Area                       Addr        Size        Decimal Bytes (Attributes)
--------------------       ----        ----        ------- ----- ------------
_HEADER11              00000000    000000AB =         171. bytes (ABS,CON)

        Value  Global            Value  Global            Value  Global    
        -----  ------            -----  ------            -----  ------    
     00000150  .reset    |    00000150  _reset    |    00000157  .code_sta
     000001B9  _exit     |    000001BD  .wait_vbl |    000001BD  _vsync   
     000001BD  _wait_vbl |    000001CD  .remove_V |    000001CD  _remove_V
     000001D0  .remove_i |    000001ED  .add_VBL  |    000001ED  _add_VBL 
     000001F0  .add_int 
ASxxxx Linker V03.00/V05.40 + sdld,  page 22.
Hexadecimal  [32-Bits]

Area                       Addr        Size        Decimal Bytes (Attributes)
--------------------       ----        ----        ------- ----- ------------
_HOME                  00002211    000008A0 =        2208. bytes (REL,CON)

        Value  Global            Value  Global            Value  Global    
        -----  ------            -----  ------            -----  ------    
     00002211  .memset_s |    0000221A  .memcpy_s |    00002237  .display_
     00002237  _display_ |    0000224F  _font_loa |    00002256  font_load
     0000229E  font_copy |    000022D4  font_set  |    000022E1  .put_char
     000022F9  .out_char |    000022FF  .del_char |    00002355  _putchar 
     0000235E  _setchar  |    00002367  _font_loa |    00002375  _font_set
     00002384  _font_ini |    000023A3  .cls      |    000023A3  _cls     
     000023C5  _gotoxy   |    000023D0  _posx     |    000023E1  _posy    
     00002409  .cr_curs  |    0000241E  .adv_curs |    0000247A  .tmode   
     00002497  .tmode_ou |    000024A0  _set_bkg_ |    000024A0  _set_win_
     000024A8  _set_spri |    00002500  _set_tile |    00002505  _set_bkg_
     00002505  _set_win_ |    0000250D  _set_spri |    0000253D  _fill_bkg
     0000254F  .padup    |    0000254F  _waitpadu |    0000255F  .jpad    
     0000255F  _joypad   |    00002587  _waitpad  |    00002588  .wait_pad
     0000258F  _color    |    0000258F  _set_1bpp |    0000259E  _memset  
     000025D1  _get_bkg_ |    000025D1  _get_win_ |    0000261E  _get_spri
     00002651  .drawing_ |    0000266E  _font_ibm |    00002A4F  .add_LCD 
     00002A4F  _add_LCD  |    00002A55  .remove_L |    00002A55  _remove_L
     00002A5B  .fill_rec |    00002A64  .fill_rec
ASxxxx Linker V03.00/V05.40 + sdld,  page 23.
Hexadecimal  [32-Bits]

Area                       Addr        Size        Decimal Bytes (Attributes)
--------------------       ----        ----        ------- ----- ------------
_INITIALIZER           00002AB1    00000007 =           7. bytes (REL,CON)

        Value  Global            Value  Global            Value  Global    
        -----  ------            -----  ------            -----  ------    
ASxxxx Linker V03.00/V05.40 + sdld,  page 24.
Hexadecimal  [32-Bits]

Area                       Addr        Size        Decimal Bytes (Attributes)
--------------------       ----        ----        ------- ----- ------------
_GSINIT                00002AB8    00000026 =          38. bytes (REL,CON)

        Value  Global            Value  Global            Value  Global    
        -----  ------            -----  ------            -----  ------    
     00002AB8  gsinit   
ASxxxx Linker V03.00/V05.40 + sdld,  page 25.
Hexadecimal  [32-Bits]

Area                       Addr        Size        Decimal Bytes (Attributes)
--------------------       ----        ----        ------- ----- ------------
_GSFINAL               00002ADE    00000001 =           1. bytes (REL,CON)

        Value  Global            Value  Global            Value  Global    
        -----  ------            -----  ------            -----  ------    
ASxxxx Linker V03.00/V05.40 + sdld,  page 26.
Hexadecimal  [32-Bits]

Area                       Addr        Size        Decimal Bytes (Attributes)
--------------------       ----        ----        ------- ----- ------------
_DATA                  0000C0A0    000007F9 =        2041. bytes (REL,CON)

        Value  Global            Value  Global            Value  Global    
        -----  ------            -----  ------            -----  ------    
     0000C0A0  __cpu     |    0000C0A1  __is_GBA  |    0000C0A2  .mode    
     0000C0A3  .sys_time |    0000C0A3  _sys_time |    0000C0A5  .int_0x40
     0000C0B1  _dandy_ma |    0000C7B9  _current_ |    0000C7BA  _monster_
     0000C7BB  _player_j |    0000C7BF  _local_pl |    0000C7C0  _player_x
     0000C7C4  _player_y |    0000C7C8  _player_h |    0000C7D0  _player_s
     0000C7D8  _player_b |    0000C7DC  _player_k |    0000C7E0  _player_d
     0000C7E4  _player_m |    0000C7E8  _arrow_x  |    0000C7EC  _arrow_y 
     0000C7F0  _arrow_di |    0000C7F4  _is_dirty |    0000C87B  font_curr
     0000C87E  font_firs |    0000C87F  font_tabl |    0000C891  .int_0x48
ASxxxx Linker V03.00/V05.40 + sdld,  page 27.
Hexadecimal  [32-Bits]

Area                       Addr        Size        Decimal Bytes (Attributes)
--------------------       ----        ----        ------- ----- ------------
_INITIALIZED           0000C899    00000007 =           7. bytes (REL,CON)

        Value  Global            Value  Global            Value  Global    
        -----  ------            -----  ------            -----  ------    
     0000C89B  .curx     |    0000C89C  .cury     |    0000C89D  .fg_colou
     0000C89D  __current |    0000C89E  .bg_colou |    0000C89F  .draw_mod
ASxxxx Linker V03.00/V05.40 + sdld,  page 28.
Hexadecimal  [32-Bits]

Area                       Addr        Size        Decimal Bytes (Attributes)
--------------------       ----        ----        ------- ----- ------------
_HRAM                  0000FF80    00000013 =          19. bytes (REL,CON)

        Value  Global            Value  Global            Value  Global    
        -----  ------            -----  ------            -----  ------    
     0000FF80  .refresh_ |    0000FF90  __current |    0000FF91  __vbl_don
     0000FF92  __shadow_
ASxxxx Linker V03.00/V05.40 + sdld,  page 29.
Hexadecimal  [32-Bits]

Area                       Addr        Size        Decimal Bytes (Attributes)
--------------------       ----        ----        ------- ----- ------------
_CODE_1                00014000    00002B92 =       11154. bytes (REL,CON)

        Value  Global            Value  Global            Value  Global    
        -----  ------            -----  ------            -----  ------    
     00014000  _dandy_le |    00014165  _dandy_le |    000142A8  _dandy_le
     0001442F  _dandy_le |    000145AE  _dandy_le |    0001483E  _dandy_le
     00014AA0  _dandy_le |    00014C39  _dandy_le |    00014DBF  _dandy_le
     00014FAB  _dandy_le |    00015111  _dandy_le |    00015235  _dandy_le
     00015397  _dandy_le |    00015516  _dandy_le |    000156D7  _dandy_le
     0001585C  _dandy_le |    000159CE  _dandy_le |    00015AFE  _dandy_le
     00015CC2  _dandy_le |    00015DE2  _dandy_le |    00015F12  _dandy_le
     000160BB  _dandy_le |    00016249  _dandy_le |    0001639B  _dandy_le
     000164D7  _dandy_le |    0001666A  _dandy_le |    00016B2A  _dandy_le
     00016B5E  _dandy_le
ASxxxx Linker V03.00/V05.40 + sdld,  page 30.
Hexadecimal  [32-Bits]

Area                       Addr        Size        Decimal Bytes (Attributes)
--------------------       ----        ----        ------- ----- ------------
_FONT_HEADER0          00000000    00000003 =           3. bytes (ABS,CON)

        Value  Global            Value  Global            Value  Global    
        -----  ------            -----  ------            -----  ------    
ASxxxx Linker V03.00/V05.40 + sdld,  page 31.
Hexadecimal  [32-Bits]

Area                       Addr        Size        Decimal Bytes (Attributes)
--------------------       ----        ----        ------- ----- ------------
_HEADER_LCD0           00000000    00000003 =           3. bytes (ABS,CON)

        Value  Global            Value  Global            Value  Global    
        -----  ------            -----  ------            -----  ------    
ASxxxx Linker V03.00/V05.40 + sdld,  page 32.

Files Linked                              [ module(s) ]

/usr/local/google/home/jackpal/Developer/gbdk/lib/gb/crt0.o
                                          [ Runtime ]
obj_dark/main.o                           [ main ]
obj_dark/dandy_core.o                     [ dandy_core ]
obj_dark/gameboy_hal.o                    [ gameboy_hal ]
obj_dark/levels.o                         [ levels ]
obj_dark/tiles.o                          [ tiles_dark ]


Libraries Linked                          [ object file ]

/usr/local/google/home/jackpal/Developer/gbdk/lib/sm83/sm83.lib
                                          [ div.o ]
/usr/local/google/home/jackpal/Developer/gbdk/lib/gb/gb.lib
                                          [ font.o ]
/usr/local/google/home/jackpal/Developer/gbdk/lib/gb/gb.lib
                                          [ set_1bit_data.o ]
/usr/local/google/home/jackpal/Developer/gbdk/lib/gb/gb.lib
                                          [ set_data.o ]
/usr/local/google/home/jackpal/Developer/gbdk/lib/gb/gb.lib
                                          [ set_tile.o ]
/usr/local/google/home/jackpal/Developer/gbdk/lib/gb/gb.lib
                                          [ sfr.o ]
/usr/local/google/home/jackpal/Developer/gbdk/lib/gb/gb.lib
                                          [ fill_rect_bk.o ]
/usr/local/google/home/jackpal/Developer/gbdk/lib/gb/gb.lib
                                          [ pad.o ]
/usr/local/google/home/jackpal/Developer/gbdk/lib/gb/gb.lib
                                          [ color.o ]
/usr/local/google/home/jackpal/Developer/gbdk/lib/sm83/sm83.lib
                                          [ _memset.o ]
/usr/local/google/home/jackpal/Developer/gbdk/lib/gb/gb.lib
                                          [ get_data.o ]
/usr/local/google/home/jackpal/Developer/gbdk/lib/gb/gb.lib
                                          [ drawing_isr.o ]
/usr/local/google/home/jackpal/Developer/gbdk/lib/gb/gb.lib
                                          [ f_ibm_sh.o ]
/usr/local/google/home/jackpal/Developer/gbdk/lib/gb/gb.lib
                                          [ lcd.o ]
/usr/local/google/home/jackpal/Developer/gbdk/lib/gb/gb.lib
                                          [ cpy_data.o ]
/usr/local/google/home/jackpal/Developer/gbdk/lib/gb/gb.lib
                                          [ fill_rect.o ]

ASxxxx Linker V03.00/V05.40 + sdld,  page 33.

User Base Address Definitions

_DATA=0xC0A0
_CODE=0x0200
_HRAM=0xFF80
ASxxxx Linker V03.00/V05.40 + sdld,  page 34.

User Global Definitions

_shadow_OAM=0xC000
.STACK=0xE000

