                                      1 ;--------------------------------------------------------
                                      2 ; File Created by SDCC : free open source ISO C Compiler
                                      3 ; Version 4.5.1 #15267 (Linux)
                                      4 ;--------------------------------------------------------
                                      5 	.module tiles_dark
                                      6 	
                                      7 ;--------------------------------------------------------
                                      8 ; Public variables in this module
                                      9 ;--------------------------------------------------------
                                     10 	.globl _dandy_tiles_dark
                                     11 ;--------------------------------------------------------
                                     12 ; special function registers
                                     13 ;--------------------------------------------------------
                                     14 	.area _HRAM
                                     15 ;--------------------------------------------------------
                                     16 ; ram data
                                     17 ;--------------------------------------------------------
                                     18 	.area _DATA
                                     19 ;--------------------------------------------------------
                                     20 ; ram data
                                     21 ;--------------------------------------------------------
                                     22 	.area _INITIALIZED
                                     23 ;--------------------------------------------------------
                                     24 ; absolute external ram data
                                     25 ;--------------------------------------------------------
                                     26 	.area _DABS (ABS)
                                     27 ;--------------------------------------------------------
                                     28 ; global & static initialisations
                                     29 ;--------------------------------------------------------
                                     30 	.area _HOME
                                     31 	.area _GSINIT
                                     32 	.area _GSFINAL
                                     33 	.area _GSINIT
                                     34 ;--------------------------------------------------------
                                     35 ; Home
                                     36 ;--------------------------------------------------------
                                     37 	.area _HOME
                                     38 	.area _HOME
                                     39 ;--------------------------------------------------------
                                     40 ; code
                                     41 ;--------------------------------------------------------
                                     42 	.area _CODE
                                     43 	.area _CODE
    00000000                         44 _dandy_tiles_dark:
    00000000 00                      45 	.db #0x00	; 0
    00000001 00                      46 	.db #0x00	; 0
    00000002 00                      47 	.db #0x00	; 0
    00000003 00                      48 	.db #0x00	; 0
    00000004 00                      49 	.db #0x00	; 0
    00000005 00                      50 	.db #0x00	; 0
    00000006 00                      51 	.db #0x00	; 0
    00000007 00                      52 	.db #0x00	; 0
    00000008 00                      53 	.db #0x00	; 0
    00000009 00                      54 	.db #0x00	; 0
    0000000A 00                      55 	.db #0x00	; 0
    0000000B 00                      56 	.db #0x00	; 0
    0000000C 00                      57 	.db #0x00	; 0
    0000000D 00                      58 	.db #0x00	; 0
    0000000E 00                      59 	.db #0x00	; 0
    0000000F 00                      60 	.db #0x00	; 0
    00000010 00                      61 	.db #0x00	; 0
    00000011 00                      62 	.db #0x00	; 0
    00000012 77                      63 	.db #0x77	; 119	'w'
    00000013 00                      64 	.db #0x00	; 0
    00000014 77                      65 	.db #0x77	; 119	'w'
    00000015 00                      66 	.db #0x00	; 0
    00000016 77                      67 	.db #0x77	; 119	'w'
    00000017 00                      68 	.db #0x00	; 0
    00000018 00                      69 	.db #0x00	; 0
    00000019 00                      70 	.db #0x00	; 0
    0000001A 7F                      71 	.db #0x7f	; 127
    0000001B 00                      72 	.db #0x00	; 0
    0000001C 7F                      73 	.db #0x7f	; 127
    0000001D 00                      74 	.db #0x00	; 0
    0000001E 7F                      75 	.db #0x7f	; 127
    0000001F 00                      76 	.db #0x00	; 0
    00000020 00                      77 	.db #0x00	; 0
    00000021 00                      78 	.db #0x00	; 0
    00000022 55                      79 	.db #0x55	; 85	'U'
    00000023 00                      80 	.db #0x00	; 0
    00000024 55                      81 	.db #0x55	; 85	'U'
    00000025 00                      82 	.db #0x00	; 0
    00000026 55                      83 	.db #0x55	; 85	'U'
    00000027 00                      84 	.db #0x00	; 0
    00000028 55                      85 	.db #0x55	; 85	'U'
    00000029 00                      86 	.db #0x00	; 0
    0000002A 55                      87 	.db #0x55	; 85	'U'
    0000002B 00                      88 	.db #0x00	; 0
    0000002C 55                      89 	.db #0x55	; 85	'U'
    0000002D 00                      90 	.db #0x00	; 0
    0000002E 00                      91 	.db #0x00	; 0
    0000002F 00                      92 	.db #0x00	; 0
    00000030 00                      93 	.db #0x00	; 0
    00000031 00                      94 	.db #0x00	; 0
    00000032 7E                      95 	.db #0x7e	; 126
    00000033 00                      96 	.db #0x00	; 0
    00000034 42                      97 	.db #0x42	; 66	'B'
    00000035 00                      98 	.db #0x00	; 0
    00000036 42                      99 	.db #0x42	; 66	'B'
    00000037 00                     100 	.db #0x00	; 0
    00000038 42                     101 	.db #0x42	; 66	'B'
    00000039 00                     102 	.db #0x00	; 0
    0000003A 42                     103 	.db #0x42	; 66	'B'
    0000003B 00                     104 	.db #0x00	; 0
    0000003C 7E                     105 	.db #0x7e	; 126
    0000003D 00                     106 	.db #0x00	; 0
    0000003E 00                     107 	.db #0x00	; 0
    0000003F 00                     108 	.db #0x00	; 0
    00000040 00                     109 	.db #0x00	; 0
    00000041 00                     110 	.db #0x00	; 0
    00000042 7E                     111 	.db #0x7e	; 126
    00000043 00                     112 	.db #0x00	; 0
    00000044 42                     113 	.db #0x42	; 66	'B'
    00000045 3C                     114 	.db #0x3c	; 60
    00000046 42                     115 	.db #0x42	; 66	'B'
    00000047 24                     116 	.db #0x24	; 36
    00000048 42                     117 	.db #0x42	; 66	'B'
    00000049 24                     118 	.db #0x24	; 36
    0000004A 42                     119 	.db #0x42	; 66	'B'
    0000004B 3C                     120 	.db #0x3c	; 60
    0000004C 7E                     121 	.db #0x7e	; 126
    0000004D 00                     122 	.db #0x00	; 0
    0000004E 00                     123 	.db #0x00	; 0
    0000004F 00                     124 	.db #0x00	; 0
    00000050 00                     125 	.db #0x00	; 0
    00000051 00                     126 	.db #0x00	; 0
    00000052 00                     127 	.db #0x00	; 0
    00000053 38                     128 	.db #0x38	; 56	'8'
    00000054 00                     129 	.db #0x00	; 0
    00000055 4E                     130 	.db #0x4e	; 78	'N'
    00000056 00                     131 	.db #0x00	; 0
    00000057 3A                     132 	.db #0x3a	; 58
    00000058 00                     133 	.db #0x00	; 0
    00000059 02                     134 	.db #0x02	; 2
    0000005A 00                     135 	.db #0x00	; 0
    0000005B 00                     136 	.db #0x00	; 0
    0000005C 00                     137 	.db #0x00	; 0
    0000005D 00                     138 	.db #0x00	; 0
    0000005E 00                     139 	.db #0x00	; 0
    0000005F 00                     140 	.db #0x00	; 0
    00000060 00                     141 	.db #0x00	; 0
    00000061 00                     142 	.db #0x00	; 0
    00000062 00                     143 	.db #0x00	; 0
    00000063 38                     144 	.db #0x38	; 56	'8'
    00000064 00                     145 	.db #0x00	; 0
    00000065 7C                     146 	.db #0x7c	; 124
    00000066 00                     147 	.db #0x00	; 0
    00000067 7C                     148 	.db #0x7c	; 124
    00000068 00                     149 	.db #0x00	; 0
    00000069 3A                     150 	.db #0x3a	; 58
    0000006A 00                     151 	.db #0x00	; 0
    0000006B 01                     152 	.db #0x01	; 1
    0000006C 00                     153 	.db #0x00	; 0
    0000006D 00                     154 	.db #0x00	; 0
    0000006E 00                     155 	.db #0x00	; 0
    0000006F 00                     156 	.db #0x00	; 0
    00000070 00                     157 	.db #0x00	; 0
    00000071 08                     158 	.db #0x08	; 8
    00000072 00                     159 	.db #0x00	; 0
    00000073 3C                     160 	.db #0x3c	; 60
    00000074 00                     161 	.db #0x00	; 0
    00000075 28                     162 	.db #0x28	; 40
    00000076 00                     163 	.db #0x00	; 0
    00000077 1C                     164 	.db #0x1c	; 28
    00000078 00                     165 	.db #0x00	; 0
    00000079 0A                     166 	.db #0x0a	; 10
    0000007A 00                     167 	.db #0x00	; 0
    0000007B 3C                     168 	.db #0x3c	; 60
    0000007C 00                     169 	.db #0x00	; 0
    0000007D 08                     170 	.db #0x08	; 8
    0000007E 00                     171 	.db #0x00	; 0
    0000007F 08                     172 	.db #0x08	; 8
    00000080 02                     173 	.db #0x02	; 2
    00000081 02                     174 	.db #0x02	; 2
    00000082 00                     175 	.db #0x00	; 0
    00000083 04                     176 	.db #0x04	; 4
    00000084 00                     177 	.db #0x00	; 0
    00000085 38                     178 	.db #0x38	; 56	'8'
    00000086 00                     179 	.db #0x00	; 0
    00000087 7C                     180 	.db #0x7c	; 124
    00000088 00                     181 	.db #0x00	; 0
    00000089 7C                     182 	.db #0x7c	; 124
    0000008A 00                     183 	.db #0x00	; 0
    0000008B 7C                     184 	.db #0x7c	; 124
    0000008C 00                     185 	.db #0x00	; 0
    0000008D 38                     186 	.db #0x38	; 56	'8'
    0000008E 00                     187 	.db #0x00	; 0
    0000008F 00                     188 	.db #0x00	; 0
    00000090 3C                     189 	.db #0x3c	; 60
    00000091 3C                     190 	.db #0x3c	; 60
    00000092 7E                     191 	.db #0x7e	; 126
    00000093 42                     192 	.db #0x42	; 66	'B'
    00000094 FF                     193 	.db #0xff	; 255
    00000095 A5                     194 	.db #0xa5	; 165
    00000096 FF                     195 	.db #0xff	; 255
    00000097 81                     196 	.db #0x81	; 129
    00000098 FF                     197 	.db #0xff	; 255
    00000099 81                     198 	.db #0x81	; 129
    0000009A FF                     199 	.db #0xff	; 255
    0000009B 81                     200 	.db #0x81	; 129
    0000009C 6E                     201 	.db #0x6e	; 110	'n'
    0000009D 42                     202 	.db #0x42	; 66	'B'
    0000009E 2C                     203 	.db #0x2c	; 44
    0000009F 2C                     204 	.db #0x2c	; 44
    000000A0 42                     205 	.db #0x42	; 66	'B'
    000000A1 42                     206 	.db #0x42	; 66	'B'
    000000A2 7E                     207 	.db #0x7e	; 126
    000000A3 7E                     208 	.db #0x7e	; 126
    000000A4 99                     209 	.db #0x99	; 153
    000000A5 E7                     210 	.db #0xe7	; 231
    000000A6 81                     211 	.db #0x81	; 129
    000000A7 FF                     212 	.db #0xff	; 255
    000000A8 42                     213 	.db #0x42	; 66	'B'
    000000A9 7E                     214 	.db #0x7e	; 126
    000000AA 5A                     215 	.db #0x5a	; 90	'Z'
    000000AB 66                     216 	.db #0x66	; 102	'f'
    000000AC 24                     217 	.db #0x24	; 36
    000000AD 3C                     218 	.db #0x3c	; 60
    000000AE 18                     219 	.db #0x18	; 24
    000000AF 18                     220 	.db #0x18	; 24
    000000B0 7E                     221 	.db #0x7e	; 126
    000000B1 7E                     222 	.db #0x7e	; 126
    000000B2 99                     223 	.db #0x99	; 153
    000000B3 FF                     224 	.db #0xff	; 255
    000000B4 A5                     225 	.db #0xa5	; 165
    000000B5 DB                     226 	.db #0xdb	; 219
    000000B6 E7                     227 	.db #0xe7	; 231
    000000B7 FF                     228 	.db #0xff	; 255
    000000B8 81                     229 	.db #0x81	; 129
    000000B9 FF                     230 	.db #0xff	; 255
    000000BA BD                     231 	.db #0xbd	; 189
    000000BB FF                     232 	.db #0xff	; 255
    000000BC 42                     233 	.db #0x42	; 66	'B'
    000000BD 7E                     234 	.db #0x7e	; 126
    000000BE 3C                     235 	.db #0x3c	; 60
    000000BF 3C                     236 	.db #0x3c	; 60
    000000C0 00                     237 	.db #0x00	; 0
    000000C1 00                     238 	.db #0x00	; 0
    000000C2 38                     239 	.db #0x38	; 56	'8'
    000000C3 00                     240 	.db #0x00	; 0
    000000C4 44                     241 	.db #0x44	; 68	'D'
    000000C5 28                     242 	.db #0x28	; 40
    000000C6 82                     243 	.db #0x82	; 130
    000000C7 7C                     244 	.db #0x7c	; 124
    000000C8 82                     245 	.db #0x82	; 130
    000000C9 7C                     246 	.db #0x7c	; 124
    000000CA 44                     247 	.db #0x44	; 68	'D'
    000000CB 38                     248 	.db #0x38	; 56	'8'
    000000CC 28                     249 	.db #0x28	; 40
    000000CD 10                     250 	.db #0x10	; 16
    000000CE 10                     251 	.db #0x10	; 16
    000000CF 00                     252 	.db #0x00	; 0
    000000D0 00                     253 	.db #0x00	; 0
    000000D1 00                     254 	.db #0x00	; 0
    000000D2 18                     255 	.db #0x18	; 24
    000000D3 00                     256 	.db #0x00	; 0
    000000D4 3C                     257 	.db #0x3c	; 60
    000000D5 00                     258 	.db #0x00	; 0
    000000D6 66                     259 	.db #0x66	; 102	'f'
    000000D7 00                     260 	.db #0x00	; 0
    000000D8 5A                     261 	.db #0x5a	; 90	'Z'
    000000D9 00                     262 	.db #0x00	; 0
    000000DA FF                     263 	.db #0xff	; 255
    000000DB 00                     264 	.db #0x00	; 0
    000000DC FF                     265 	.db #0xff	; 255
    000000DD 00                     266 	.db #0x00	; 0
    000000DE 00                     267 	.db #0x00	; 0
    000000DF 00                     268 	.db #0x00	; 0
    000000E0 00                     269 	.db #0x00	; 0
    000000E1 00                     270 	.db #0x00	; 0
    000000E2 3C                     271 	.db #0x3c	; 60
    000000E3 00                     272 	.db #0x00	; 0
    000000E4 42                     273 	.db #0x42	; 66	'B'
    000000E5 3C                     274 	.db #0x3c	; 60
    000000E6 81                     275 	.db #0x81	; 129
    000000E7 5A                     276 	.db #0x5a	; 90	'Z'
    000000E8 81                     277 	.db #0x81	; 129
    000000E9 7E                     278 	.db #0x7e	; 126
    000000EA 44                     279 	.db #0x44	; 68	'D'
    000000EB 28                     280 	.db #0x28	; 40
    000000EC FF                     281 	.db #0xff	; 255
    000000ED 00                     282 	.db #0x00	; 0
    000000EE 00                     283 	.db #0x00	; 0
    000000EF 00                     284 	.db #0x00	; 0
    000000F0 3C                     285 	.db #0x3c	; 60
    000000F1 00                     286 	.db #0x00	; 0
    000000F2 42                     287 	.db #0x42	; 66	'B'
    000000F3 3C                     288 	.db #0x3c	; 60
    000000F4 A5                     289 	.db #0xa5	; 165
    000000F5 7E                     290 	.db #0x7e	; 126
    000000F6 81                     291 	.db #0x81	; 129
    000000F7 7E                     292 	.db #0x7e	; 126
    000000F8 99                     293 	.db #0x99	; 153
    000000F9 7E                     294 	.db #0x7e	; 126
    000000FA A5                     295 	.db #0xa5	; 165
    000000FB 66                     296 	.db #0x66	; 102	'f'
    000000FC FF                     297 	.db #0xff	; 255
    000000FD 00                     298 	.db #0x00	; 0
    000000FE 00                     299 	.db #0x00	; 0
    000000FF 00                     300 	.db #0x00	; 0
    00000100 01                     301 	.db #0x01	; 1
    00000101 01                     302 	.db #0x01	; 1
    00000102 04                     303 	.db #0x04	; 4
    00000103 04                     304 	.db #0x04	; 4
    00000104 08                     305 	.db #0x08	; 8
    00000105 08                     306 	.db #0x08	; 8
    00000106 48                     307 	.db #0x48	; 72	'H'
    00000107 48                     308 	.db #0x48	; 72	'H'
    00000108 50                     309 	.db #0x50	; 80	'P'
    00000109 50                     310 	.db #0x50	; 80	'P'
    0000010A 60                     311 	.db #0x60	; 96
    0000010B 60                     312 	.db #0x60	; 96
    0000010C 78                     313 	.db #0x78	; 120	'x'
    0000010D 78                     314 	.db #0x78	; 120	'x'
    0000010E 00                     315 	.db #0x00	; 0
    0000010F 00                     316 	.db #0x00	; 0
    00000110 00                     317 	.db #0x00	; 0
    00000111 00                     318 	.db #0x00	; 0
    00000112 10                     319 	.db #0x10	; 16
    00000113 10                     320 	.db #0x10	; 16
    00000114 20                     321 	.db #0x20	; 32
    00000115 20                     322 	.db #0x20	; 32
    00000116 7F                     323 	.db #0x7f	; 127
    00000117 7F                     324 	.db #0x7f	; 127
    00000118 20                     325 	.db #0x20	; 32
    00000119 20                     326 	.db #0x20	; 32
    0000011A 10                     327 	.db #0x10	; 16
    0000011B 10                     328 	.db #0x10	; 16
    0000011C 00                     329 	.db #0x00	; 0
    0000011D 00                     330 	.db #0x00	; 0
    0000011E 00                     331 	.db #0x00	; 0
    0000011F 00                     332 	.db #0x00	; 0
    00000120 78                     333 	.db #0x78	; 120	'x'
    00000121 78                     334 	.db #0x78	; 120	'x'
    00000122 60                     335 	.db #0x60	; 96
    00000123 60                     336 	.db #0x60	; 96
    00000124 50                     337 	.db #0x50	; 80	'P'
    00000125 50                     338 	.db #0x50	; 80	'P'
    00000126 48                     339 	.db #0x48	; 72	'H'
    00000127 48                     340 	.db #0x48	; 72	'H'
    00000128 04                     341 	.db #0x04	; 4
    00000129 04                     342 	.db #0x04	; 4
    0000012A 02                     343 	.db #0x02	; 2
    0000012B 02                     344 	.db #0x02	; 2
    0000012C 01                     345 	.db #0x01	; 1
    0000012D 01                     346 	.db #0x01	; 1
    0000012E 00                     347 	.db #0x00	; 0
    0000012F 00                     348 	.db #0x00	; 0
    00000130 10                     349 	.db #0x10	; 16
    00000131 10                     350 	.db #0x10	; 16
    00000132 38                     351 	.db #0x38	; 56	'8'
    00000133 38                     352 	.db #0x38	; 56	'8'
    00000134 54                     353 	.db #0x54	; 84	'T'
    00000135 54                     354 	.db #0x54	; 84	'T'
    00000136 10                     355 	.db #0x10	; 16
    00000137 10                     356 	.db #0x10	; 16
    00000138 10                     357 	.db #0x10	; 16
    00000139 10                     358 	.db #0x10	; 16
    0000013A 10                     359 	.db #0x10	; 16
    0000013B 10                     360 	.db #0x10	; 16
    0000013C 10                     361 	.db #0x10	; 16
    0000013D 10                     362 	.db #0x10	; 16
    0000013E 10                     363 	.db #0x10	; 16
    0000013F 10                     364 	.db #0x10	; 16
    00000140 1E                     365 	.db #0x1e	; 30
    00000141 1E                     366 	.db #0x1e	; 30
    00000142 06                     367 	.db #0x06	; 6
    00000143 06                     368 	.db #0x06	; 6
    00000144 0A                     369 	.db #0x0a	; 10
    00000145 0A                     370 	.db #0x0a	; 10
    00000146 12                     371 	.db #0x12	; 18
    00000147 12                     372 	.db #0x12	; 18
    00000148 20                     373 	.db #0x20	; 32
    00000149 20                     374 	.db #0x20	; 32
    0000014A 40                     375 	.db #0x40	; 64
    0000014B 40                     376 	.db #0x40	; 64
    0000014C 80                     377 	.db #0x80	; 128
    0000014D 80                     378 	.db #0x80	; 128
    0000014E 00                     379 	.db #0x00	; 0
    0000014F 00                     380 	.db #0x00	; 0
    00000150 00                     381 	.db #0x00	; 0
    00000151 00                     382 	.db #0x00	; 0
    00000152 08                     383 	.db #0x08	; 8
    00000153 08                     384 	.db #0x08	; 8
    00000154 04                     385 	.db #0x04	; 4
    00000155 04                     386 	.db #0x04	; 4
    00000156 7F                     387 	.db #0x7f	; 127
    00000157 7F                     388 	.db #0x7f	; 127
    00000158 04                     389 	.db #0x04	; 4
    00000159 04                     390 	.db #0x04	; 4
    0000015A 08                     391 	.db #0x08	; 8
    0000015B 08                     392 	.db #0x08	; 8
    0000015C 00                     393 	.db #0x00	; 0
    0000015D 00                     394 	.db #0x00	; 0
    0000015E 00                     395 	.db #0x00	; 0
    0000015F 00                     396 	.db #0x00	; 0
    00000160 80                     397 	.db #0x80	; 128
    00000161 80                     398 	.db #0x80	; 128
    00000162 40                     399 	.db #0x40	; 64
    00000163 40                     400 	.db #0x40	; 64
    00000164 20                     401 	.db #0x20	; 32
    00000165 20                     402 	.db #0x20	; 32
    00000166 12                     403 	.db #0x12	; 18
    00000167 12                     404 	.db #0x12	; 18
    00000168 0A                     405 	.db #0x0a	; 10
    00000169 0A                     406 	.db #0x0a	; 10
    0000016A 06                     407 	.db #0x06	; 6
    0000016B 06                     408 	.db #0x06	; 6
    0000016C 1E                     409 	.db #0x1e	; 30
    0000016D 1E                     410 	.db #0x1e	; 30
    0000016E 00                     411 	.db #0x00	; 0
    0000016F 00                     412 	.db #0x00	; 0
    00000170 10                     413 	.db #0x10	; 16
    00000171 10                     414 	.db #0x10	; 16
    00000172 10                     415 	.db #0x10	; 16
    00000173 10                     416 	.db #0x10	; 16
    00000174 10                     417 	.db #0x10	; 16
    00000175 10                     418 	.db #0x10	; 16
    00000176 10                     419 	.db #0x10	; 16
    00000177 10                     420 	.db #0x10	; 16
    00000178 10                     421 	.db #0x10	; 16
    00000179 10                     422 	.db #0x10	; 16
    0000017A 54                     423 	.db #0x54	; 84	'T'
    0000017B 54                     424 	.db #0x54	; 84	'T'
    0000017C 38                     425 	.db #0x38	; 56	'8'
    0000017D 38                     426 	.db #0x38	; 56	'8'
    0000017E 10                     427 	.db #0x10	; 16
    0000017F 10                     428 	.db #0x10	; 16
    00000180 3C                     429 	.db #0x3c	; 60
    00000181 3C                     430 	.db #0x3c	; 60
    00000182 7E                     431 	.db #0x7e	; 126
    00000183 42                     432 	.db #0x42	; 66	'B'
    00000184 FF                     433 	.db #0xff	; 255
    00000185 A5                     434 	.db #0xa5	; 165
    00000186 FF                     435 	.db #0xff	; 255
    00000187 81                     436 	.db #0x81	; 129
    00000188 42                     437 	.db #0x42	; 66	'B'
    00000189 7E                     438 	.db #0x7e	; 126
    0000018A 7E                     439 	.db #0x7e	; 126
    0000018B 42                     440 	.db #0x42	; 66	'B'
    0000018C 3C                     441 	.db #0x3c	; 60
    0000018D 24                     442 	.db #0x24	; 36
    0000018E 3C                     443 	.db #0x3c	; 60
    0000018F 3C                     444 	.db #0x3c	; 60
    00000190 3C                     445 	.db #0x3c	; 60
    00000191 3C                     446 	.db #0x3c	; 60
    00000192 7E                     447 	.db #0x7e	; 126
    00000193 42                     448 	.db #0x42	; 66	'B'
    00000194 FF                     449 	.db #0xff	; 255
    00000195 81                     450 	.db #0x81	; 129
    00000196 FF                     451 	.db #0xff	; 255
    00000197 81                     452 	.db #0x81	; 129
    00000198 7E                     453 	.db #0x7e	; 126
    00000199 42                     454 	.db #0x42	; 66	'B'
    0000019A 7E                     455 	.db #0x7e	; 126
    0000019B 42                     456 	.db #0x42	; 66	'B'
    0000019C 3C                     457 	.db #0x3c	; 60
    0000019D 24                     458 	.db #0x24	; 36
    0000019E 3C                     459 	.db #0x3c	; 60
    0000019F 3C                     460 	.db #0x3c	; 60
    000001A0 3C                     461 	.db #0x3c	; 60
    000001A1 3C                     462 	.db #0x3c	; 60
    000001A2 7E                     463 	.db #0x7e	; 126
    000001A3 42                     464 	.db #0x42	; 66	'B'
    000001A4 9C                     465 	.db #0x9c	; 156
    000001A5 E4                     466 	.db #0xe4	; 228
    000001A6 9E                     467 	.db #0x9e	; 158
    000001A7 E2                     468 	.db #0xe2	; 226
    000001A8 7E                     469 	.db #0x7e	; 126
    000001A9 42                     470 	.db #0x42	; 66	'B'
    000001AA 7E                     471 	.db #0x7e	; 126
    000001AB 42                     472 	.db #0x42	; 66	'B'
    000001AC 3C                     473 	.db #0x3c	; 60
    000001AD 24                     474 	.db #0x24	; 36
    000001AE 3C                     475 	.db #0x3c	; 60
    000001AF 3C                     476 	.db #0x3c	; 60
    000001B0 3C                     477 	.db #0x3c	; 60
    000001B1 3C                     478 	.db #0x3c	; 60
    000001B2 7E                     479 	.db #0x7e	; 126
    000001B3 42                     480 	.db #0x42	; 66	'B'
    000001B4 39                     481 	.db #0x39	; 57	'9'
    000001B5 27                     482 	.db #0x27	; 39
    000001B6 71                     483 	.db #0x71	; 113	'q'
    000001B7 4F                     484 	.db #0x4f	; 79	'O'
    000001B8 7E                     485 	.db #0x7e	; 126
    000001B9 42                     486 	.db #0x42	; 66	'B'
    000001BA 7E                     487 	.db #0x7e	; 126
    000001BB 42                     488 	.db #0x42	; 66	'B'
    000001BC 3C                     489 	.db #0x3c	; 60
    000001BD 24                     490 	.db #0x24	; 36
    000001BE 3C                     491 	.db #0x3c	; 60
    000001BF 3C                     492 	.db #0x3c	; 60
    000001C0 00                     493 	.db #0x00	; 0
    000001C1 00                     494 	.db #0x00	; 0
    000001C2 00                     495 	.db #0x00	; 0
    000001C3 00                     496 	.db #0x00	; 0
    000001C4 00                     497 	.db #0x00	; 0
    000001C5 00                     498 	.db #0x00	; 0
    000001C6 00                     499 	.db #0x00	; 0
    000001C7 00                     500 	.db #0x00	; 0
    000001C8 00                     501 	.db #0x00	; 0
    000001C9 00                     502 	.db #0x00	; 0
    000001CA 00                     503 	.db #0x00	; 0
    000001CB 00                     504 	.db #0x00	; 0
    000001CC 00                     505 	.db #0x00	; 0
    000001CD 00                     506 	.db #0x00	; 0
    000001CE 00                     507 	.db #0x00	; 0
    000001CF 00                     508 	.db #0x00	; 0
    000001D0 00                     509 	.db #0x00	; 0
    000001D1 00                     510 	.db #0x00	; 0
    000001D2 00                     511 	.db #0x00	; 0
    000001D3 00                     512 	.db #0x00	; 0
    000001D4 00                     513 	.db #0x00	; 0
    000001D5 00                     514 	.db #0x00	; 0
    000001D6 00                     515 	.db #0x00	; 0
    000001D7 00                     516 	.db #0x00	; 0
    000001D8 00                     517 	.db #0x00	; 0
    000001D9 00                     518 	.db #0x00	; 0
    000001DA 00                     519 	.db #0x00	; 0
    000001DB 00                     520 	.db #0x00	; 0
    000001DC 00                     521 	.db #0x00	; 0
    000001DD 00                     522 	.db #0x00	; 0
    000001DE 00                     523 	.db #0x00	; 0
    000001DF 00                     524 	.db #0x00	; 0
    000001E0 00                     525 	.db #0x00	; 0
    000001E1 00                     526 	.db #0x00	; 0
    000001E2 00                     527 	.db #0x00	; 0
    000001E3 00                     528 	.db #0x00	; 0
    000001E4 00                     529 	.db #0x00	; 0
    000001E5 00                     530 	.db #0x00	; 0
    000001E6 00                     531 	.db #0x00	; 0
    000001E7 00                     532 	.db #0x00	; 0
    000001E8 00                     533 	.db #0x00	; 0
    000001E9 00                     534 	.db #0x00	; 0
    000001EA 00                     535 	.db #0x00	; 0
    000001EB 00                     536 	.db #0x00	; 0
    000001EC 00                     537 	.db #0x00	; 0
    000001ED 00                     538 	.db #0x00	; 0
    000001EE 00                     539 	.db #0x00	; 0
    000001EF 00                     540 	.db #0x00	; 0
    000001F0 00                     541 	.db #0x00	; 0
    000001F1 00                     542 	.db #0x00	; 0
    000001F2 00                     543 	.db #0x00	; 0
    000001F3 00                     544 	.db #0x00	; 0
    000001F4 00                     545 	.db #0x00	; 0
    000001F5 00                     546 	.db #0x00	; 0
    000001F6 00                     547 	.db #0x00	; 0
    000001F7 00                     548 	.db #0x00	; 0
    000001F8 00                     549 	.db #0x00	; 0
    000001F9 00                     550 	.db #0x00	; 0
    000001FA 00                     551 	.db #0x00	; 0
    000001FB 00                     552 	.db #0x00	; 0
    000001FC 00                     553 	.db #0x00	; 0
    000001FD 00                     554 	.db #0x00	; 0
    000001FE 00                     555 	.db #0x00	; 0
    000001FF 00                     556 	.db #0x00	; 0
                                    557 	.area _INITIALIZER
                                    558 	.area _CABS (ABS)
